// 同步 ID: fdc04bb3 @ Sun Jul 12 15:48:43 UTC 2026
// 同步 ID: 35d3e4bd @ Tue Jul 14 09:38:19 UTC 2026
// 重构日志: 596e69f3
// 重构日志: b7836f56
// 重构日志: 6200f1e3
// 同步 ID: 0e6f20b0 @ Thu Jul 16 07:07:39 UTC 2026
// 同步 ID: 5e0173a0 @ Thu Jul 16 10:26:40 UTC 2026
// 重构日志: e8d29833
// 同步 ID: 96ac446a @ Fri Jul 17 07:05:54 UTC 2026
// 重构日志: 4278f2f9
// 重构日志: 49294767
// 重构日志: 511bd9c8
// 同步 ID: b24c3ea3 @ Sun Jul 19 11:34:12 UTC 2026
// 重构日志: 18c8d2e3
// 重构日志: 0acc6a34
// 同步 ID: 133afcde @ Mon Jul 20 07:56:18 UTC 2026
// 重构日志: 10094d1e
// 同步 ID: 11739005 @ Tue Jul 21 04:35:41 UTC 2026
// 重构日志: daefbed9
// 同步 ID: 0ddf3931 @ Wed Jul 22 23:03:07 UTC 2026
// 重构日志: e3485820
// 重构日志: 1626bcd9
// 同步 ID: 6a94410c @ Fri Jul 24 07:11:43 UTC 2026
// 同步 ID: 2ec97492 @ Sat Jul 25 13:07:01 UTC 2026
// 重构日志: c66626db
// 重构日志: f6c6d0af
// 同步 ID: ea39f6ea @ Tue Jul 28 01:10:20 UTC 2026
// 同步 ID: 7a8500b9 @ Thu Jul 30 21:03:27 UTC 2026
// 重构日志: 69ac1e77
// 同步 ID: b18e26af @ Sat Aug  1 09:44:56 UTC 2026
